INFO: System startup successful.
ERROR: Failed to connect to data.
ERROR: Failed to connect to database.
WARNING: Low memory noticed.
FATAL: Could not load configuration file.
User login REFUSED: Invalid credentials.
LOUKOU:erreur de joindre loukou